{
  "version": "1.5.0",
  "plugins_used": [
    {
      "name": "ArtifactoryDetector"
    },
    {
      "name": "AWSKeyDetector"
    },
    {
      "name": "AzureStorageKeyDetector"
    },
    {
      "name": "Base64HighEntropyString",
      "limit": 4.5
    },
    {
      "name": "BasicAuthDetector"
    },
    {
      "name": "CloudantDetector"
    },
    {
      "name": "DiscordBotTokenDetector"
    },
    {
      "name": "GitHubTokenDetector"
    },
    {
      "name": "GitLabTokenDetector"
    },
    {
      "name": "HexHighEntropyString",
      "limit": 3.0
    },
    {
      "name": "IbmCloudIamDetector"
    },
    {
      "name": "IbmCosHmacDetector"
    },
    {
      "name": "IPPublicDetector"
    },
    {
      "name": "JwtTokenDetector"
    },
    {
      "name": "KeywordDetector",
      "keyword_exclude": ""
    },
    {
      "name": "MailchimpDetector"
    },
    {
      "name": "NpmDetector"
    },
    {
      "name": "OpenAIDetector"
    },
    {
      "name": "PrivateKeyDetector"
    },
    {
      "name": "PypiTokenDetector"
    },
    {
      "name": "SendGridDetector"
    },
    {
      "name": "SlackDetector"
    },
    {
      "name": "SoftlayerDetector"
    },
    {
      "name": "SquareOAuthDetector"
    },
    {
      "name": "StripeDetector"
    },
    {
      "name": "TelegramBotTokenDetector"
    },
    {
      "name": "TwilioKeyDetector"
    }
  ],
  "filters_used": [
    {
      "path": "detect_secrets.filters.allowlist.is_line_allowlisted"
    },
    {
      "path": "detect_secrets.filters.common.is_ignored_due_to_verification_policies",
      "min_level": 2
    },
    {
      "path": "detect_secrets.filters.heuristic.is_indirect_reference"
    },
    {
      "path": "detect_secrets.filters.heuristic.is_likely_id_string"
    },
    {
      "path": "detect_secrets.filters.heuristic.is_lock_file"
    },
    {
      "path": "detect_secrets.filters.heuristic.is_not_alphanumeric_string"
    },
    {
      "path": "detect_secrets.filters.heuristic.is_potential_uuid"
    },
    {
      "path": "detect_secrets.filters.heuristic.is_prefixed_with_dollar_sign"
    },
    {
      "path": "detect_secrets.filters.heuristic.is_sequential_string"
    },
    {
      "path": "detect_secrets.filters.heuristic.is_swagger_file"
    },
    {
      "path": "detect_secrets.filters.heuristic.is_templated_secret"
    }
  ],
  "results": {
    ".env.template": [
      {
        "type": "Secret Keyword",
        "filename": ".env.template",
        "hashed_secret": "cf4a956e75901c220c0f5fbaec41987fc6177345",
        "is_verified": false,
        "line_number": 4
      },
      {
        "type": "Secret Keyword",
        "filename": ".env.template",
        "hashed_secret": "1a2fc3034e4c155463286194048df25e99a94929",
        "is_verified": false,
        "line_number": 8
      },
      {
        "type": "Secret Keyword",
        "filename": ".env.template",
        "hashed_secret": "65cf8cd353cae2b48a8480cc49cd2e7dabb1bbb3",
        "is_verified": false,
        "line_number": 16
      }
    ],
    "openapi_specs/Masterdata-1-0.yaml": [
      {
        "type": "Secret Keyword",
        "filename": "openapi_specs/Masterdata-1-0.yaml",
        "hashed_secret": "ecb252044b5ea0f679ee78ec1a12904739e2904d",
        "is_verified": false,
        "line_number": 8655
      }
    ],
    "sdk/attachments_client/README.md": [
      {
        "type": "Secret Keyword",
        "filename": "sdk/attachments_client/README.md",
        "hashed_secret": "2c035ac06add3f441d7b835885958b03deac3d50",
        "is_verified": false,
        "line_number": 73
      }
    ],
    "sdk/attachments_client/attachments_client/models/customer_scenario_type.py": [
      {
        "type": "Secret Keyword",
        "filename": "sdk/attachments_client/attachments_client/models/customer_scenario_type.py",
        "hashed_secret": "4936de3b610b24e3bdbba00b4ceb4c4b54c166de",
        "is_verified": false,
        "line_number": 30
      }
    ],
    "sdk/attachments_client/attachments_client/models/error_code.py": [
      {
        "type": "Secret Keyword",
        "filename": "sdk/attachments_client/attachments_client/models/error_code.py",
        "hashed_secret": "568374ddaa47428d8810958365333acc573819a1",
        "is_verified": false,
        "line_number": 793
      },
      {
        "type": "Secret Keyword",
        "filename": "sdk/attachments_client/attachments_client/models/error_code.py",
        "hashed_secret": "1619a2531f24b99393d7730d10c4e98406022b68",
        "is_verified": false,
        "line_number": 802
      },
      {
        "type": "Secret Keyword",
        "filename": "sdk/attachments_client/attachments_client/models/error_code.py",
        "hashed_secret": "109661cf932893c6b3b851062d83c68551c3a0f0",
        "is_verified": false,
        "line_number": 803
      }
    ],
    "sdk/attachments_client/attachments_client/models/portal_email_type.py": [
      {
        "type": "Secret Keyword",
        "filename": "sdk/attachments_client/attachments_client/models/portal_email_type.py",
        "hashed_secret": "871a52d22eaef6448ebe9f7f31f74d9b3706a80c",
        "is_verified": false,
        "line_number": 30
      }
    ],
    "sdk/attachments_client/attachments_client/models/portal_page_identifier.py": [
      {
        "type": "Secret Keyword",
        "filename": "sdk/attachments_client/attachments_client/models/portal_page_identifier.py",
        "hashed_secret": "6c24012c25877976a5c63e4a345a303400d6f76e",
        "is_verified": false,
        "line_number": 38
      }
    ],
    "sdk/attachments_client/attachments_client/models/ssh_authentication_method.py": [
      {
        "type": "Secret Keyword",
        "filename": "sdk/attachments_client/attachments_client/models/ssh_authentication_method.py",
        "hashed_secret": "5baa61e4c9b93f3f0682250b6cf8331b7ee68fd8",
        "is_verified": false,
        "line_number": 29
      },
      {
        "type": "Secret Keyword",
        "filename": "sdk/attachments_client/attachments_client/models/ssh_authentication_method.py",
        "hashed_secret": "55abc9109d5ea8a77be16bf3c76b4b199b524b12",
        "is_verified": false,
        "line_number": 30
      }
    ],
    "sdk/attachments_client/docs/AttachmentsApi.md": [
      {
        "type": "Secret Keyword",
        "filename": "sdk/attachments_client/docs/AttachmentsApi.md",
        "hashed_secret": "2c035ac06add3f441d7b835885958b03deac3d50",
        "is_verified": false,
        "line_number": 48
      }
    ],
    "sdk/attachments_client/docs/EntityAttachmentGroupsApi.md": [
      {
        "type": "Secret Keyword",
        "filename": "sdk/attachments_client/docs/EntityAttachmentGroupsApi.md",
        "hashed_secret": "2c035ac06add3f441d7b835885958b03deac3d50",
        "is_verified": false,
        "line_number": 52
      }
    ],
    "sdk/attachments_client/docs/EntityAttachmentsApi.md": [
      {
        "type": "Secret Keyword",
        "filename": "sdk/attachments_client/docs/EntityAttachmentsApi.md",
        "hashed_secret": "2c035ac06add3f441d7b835885958b03deac3d50",
        "is_verified": false,
        "line_number": 53
      }
    ],
    "sdk/attachments_client/docs/TemplateDataContainersApi.md": [
      {
        "type": "Secret Keyword",
        "filename": "sdk/attachments_client/docs/TemplateDataContainersApi.md",
        "hashed_secret": "2c035ac06add3f441d7b835885958b03deac3d50",
        "is_verified": false,
        "line_number": 44
      }
    ],
    "sdk/billing_client/README.md": [
      {
        "type": "Secret Keyword",
        "filename": "sdk/billing_client/README.md",
        "hashed_secret": "2c035ac06add3f441d7b835885958b03deac3d50",
        "is_verified": false,
        "line_number": 73
      }
    ],
    "sdk/billing_client/billing_client/models/customer_scenario_type.py": [
      {
        "type": "Secret Keyword",
        "filename": "sdk/billing_client/billing_client/models/customer_scenario_type.py",
        "hashed_secret": "4936de3b610b24e3bdbba00b4ceb4c4b54c166de",
        "is_verified": false,
        "line_number": 30
      }
    ],
    "sdk/billing_client/billing_client/models/error_code.py": [
      {
        "type": "Secret Keyword",
        "filename": "sdk/billing_client/billing_client/models/error_code.py",
        "hashed_secret": "568374ddaa47428d8810958365333acc573819a1",
        "is_verified": false,
        "line_number": 793
      },
      {
        "type": "Secret Keyword",
        "filename": "sdk/billing_client/billing_client/models/error_code.py",
        "hashed_secret": "1619a2531f24b99393d7730d10c4e98406022b68",
        "is_verified": false,
        "line_number": 802
      },
      {
        "type": "Secret Keyword",
        "filename": "sdk/billing_client/billing_client/models/error_code.py",
        "hashed_secret": "109661cf932893c6b3b851062d83c68551c3a0f0",
        "is_verified": false,
        "line_number": 803
      }
    ],
    "sdk/billing_client/billing_client/models/portal_email_type.py": [
      {
        "type": "Secret Keyword",
        "filename": "sdk/billing_client/billing_client/models/portal_email_type.py",
        "hashed_secret": "871a52d22eaef6448ebe9f7f31f74d9b3706a80c",
        "is_verified": false,
        "line_number": 30
      }
    ],
    "sdk/billing_client/billing_client/models/portal_page_identifier.py": [
      {
        "type": "Secret Keyword",
        "filename": "sdk/billing_client/billing_client/models/portal_page_identifier.py",
        "hashed_secret": "6c24012c25877976a5c63e4a345a303400d6f76e",
        "is_verified": false,
        "line_number": 38
      }
    ],
    "sdk/billing_client/billing_client/models/ssh_authentication_method.py": [
      {
        "type": "Secret Keyword",
        "filename": "sdk/billing_client/billing_client/models/ssh_authentication_method.py",
        "hashed_secret": "5baa61e4c9b93f3f0682250b6cf8331b7ee68fd8",
        "is_verified": false,
        "line_number": 29
      },
      {
        "type": "Secret Keyword",
        "filename": "sdk/billing_client/billing_client/models/ssh_authentication_method.py",
        "hashed_secret": "55abc9109d5ea8a77be16bf3c76b4b199b524b12",
        "is_verified": false,
        "line_number": 30
      }
    ],
    "sdk/billing_client/docs/AnnualStatementsApi.md": [
      {
        "type": "Secret Keyword",
        "filename": "sdk/billing_client/docs/AnnualStatementsApi.md",
        "hashed_secret": "2c035ac06add3f441d7b835885958b03deac3d50",
        "is_verified": false,
        "line_number": 49
      }
    ],
    "sdk/billing_client/docs/BillingCompletenessesApi.md": [
      {
        "type": "Secret Keyword",
        "filename": "sdk/billing_client/docs/BillingCompletenessesApi.md",
        "hashed_secret": "2c035ac06add3f441d7b835885958b03deac3d50",
        "is_verified": false,
        "line_number": 58
      }
    ],
    "sdk/billing_client/docs/BillingRelationsApi.md": [
      {
        "type": "Secret Keyword",
        "filename": "sdk/billing_client/docs/BillingRelationsApi.md",
        "hashed_secret": "2c035ac06add3f441d7b835885958b03deac3d50",
        "is_verified": false,
        "line_number": 48
      }
    ],
    "sdk/billing_client/docs/CollectionCasesApi.md": [
      {
        "type": "Secret Keyword",
        "filename": "sdk/billing_client/docs/CollectionCasesApi.md",
        "hashed_secret": "2c035ac06add3f441d7b835885958b03deac3d50",
        "is_verified": false,
        "line_number": 56
      }
    ],
    "sdk/billing_client/docs/CustAgingApi.md": [
      {
        "type": "Secret Keyword",
        "filename": "sdk/billing_client/docs/CustAgingApi.md",
        "hashed_secret": "2c035ac06add3f441d7b835885958b03deac3d50",
        "is_verified": false,
        "line_number": 46
      }
    ],
    "sdk/billing_client/docs/CustomerBankAccountsApi.md": [
      {
        "type": "Secret Keyword",
        "filename": "sdk/billing_client/docs/CustomerBankAccountsApi.md",
        "hashed_secret": "2c035ac06add3f441d7b835885958b03deac3d50",
        "is_verified": false,
        "line_number": 48
      }
    ],
    "sdk/billing_client/docs/CustomersApi.md": [
      {
        "type": "Secret Keyword",
        "filename": "sdk/billing_client/docs/CustomersApi.md",
        "hashed_secret": "2c035ac06add3f441d7b835885958b03deac3d50",
        "is_verified": false,
        "line_number": 43
      }
    ],
    "sdk/billing_client/docs/EstimatedInvoicesApi.md": [
      {
        "type": "Secret Keyword",
        "filename": "sdk/billing_client/docs/EstimatedInvoicesApi.md",
        "hashed_secret": "2c035ac06add3f441d7b835885958b03deac3d50",
        "is_verified": false,
        "line_number": 45
      }
    ],
    "sdk/billing_client/docs/IncomingBankingTransactionsApi.md": [
      {
        "type": "Secret Keyword",
        "filename": "sdk/billing_client/docs/IncomingBankingTransactionsApi.md",
        "hashed_secret": "2c035ac06add3f441d7b835885958b03deac3d50",
        "is_verified": false,
        "line_number": 56
      }
    ],
    "sdk/billing_client/docs/IncomingInvoicesApi.md": [
      {
        "type": "Secret Keyword",
        "filename": "sdk/billing_client/docs/IncomingInvoicesApi.md",
        "hashed_secret": "2c035ac06add3f441d7b835885958b03deac3d50",
        "is_verified": false,
        "line_number": 47
      }
    ],
    "sdk/billing_client/docs/IncomingMutationsApi.md": [
      {
        "type": "Secret Keyword",
        "filename": "sdk/billing_client/docs/IncomingMutationsApi.md",
        "hashed_secret": "2c035ac06add3f441d7b835885958b03deac3d50",
        "is_verified": false,
        "line_number": 49
      }
    ],
    "sdk/billing_client/docs/IntegrationApi.md": [
      {
        "type": "Secret Keyword",
        "filename": "sdk/billing_client/docs/IntegrationApi.md",
        "hashed_secret": "2c035ac06add3f441d7b835885958b03deac3d50",
        "is_verified": false,
        "line_number": 54
      }
    ],
    "sdk/billing_client/docs/InvoicesApi.md": [
      {
        "type": "Secret Keyword",
        "filename": "sdk/billing_client/docs/InvoicesApi.md",
        "hashed_secret": "2c035ac06add3f441d7b835885958b03deac3d50",
        "is_verified": false,
        "line_number": 76
      }
    ],
    "sdk/billing_client/docs/OutgoingBankingTransactionsApi.md": [
      {
        "type": "Secret Keyword",
        "filename": "sdk/billing_client/docs/OutgoingBankingTransactionsApi.md",
        "hashed_secret": "2c035ac06add3f441d7b835885958b03deac3d50",
        "is_verified": false,
        "line_number": 61
      }
    ],
    "sdk/billing_client/docs/OutgoingMutationsApi.md": [
      {
        "type": "Secret Keyword",
        "filename": "sdk/billing_client/docs/OutgoingMutationsApi.md",
        "hashed_secret": "2c035ac06add3f441d7b835885958b03deac3d50",
        "is_verified": false,
        "line_number": 47
      }
    ],
    "sdk/billing_client/docs/PaymentsApi.md": [
      {
        "type": "Secret Keyword",
        "filename": "sdk/billing_client/docs/PaymentsApi.md",
        "hashed_secret": "2c035ac06add3f441d7b835885958b03deac3d50",
        "is_verified": false,
        "line_number": 48
      }
    ],
    "sdk/billing_client/docs/PropertyGroupBillingConfigurationApi.md": [
      {
        "type": "Secret Keyword",
        "filename": "sdk/billing_client/docs/PropertyGroupBillingConfigurationApi.md",
        "hashed_secret": "2c035ac06add3f441d7b835885958b03deac3d50",
        "is_verified": false,
        "line_number": 57
      }
    ],
    "sdk/billing_client/docs/PropertyGroupBillingPeriodsApi.md": [
      {
        "type": "Secret Keyword",
        "filename": "sdk/billing_client/docs/PropertyGroupBillingPeriodsApi.md",
        "hashed_secret": "2c035ac06add3f441d7b835885958b03deac3d50",
        "is_verified": false,
        "line_number": 51
      }
    ],
    "sdk/billing_client/docs/TransactionsApi.md": [
      {
        "type": "Secret Keyword",
        "filename": "sdk/billing_client/docs/TransactionsApi.md",
        "hashed_secret": "2c035ac06add3f441d7b835885958b03deac3d50",
        "is_verified": false,
        "line_number": 55
      }
    ],
    "sdk/communication_client/README.md": [
      {
        "type": "Secret Keyword",
        "filename": "sdk/communication_client/README.md",
        "hashed_secret": "2c035ac06add3f441d7b835885958b03deac3d50",
        "is_verified": false,
        "line_number": 73
      }
    ],
    "sdk/communication_client/communication_client/models/customer_scenario_type.py": [
      {
        "type": "Secret Keyword",
        "filename": "sdk/communication_client/communication_client/models/customer_scenario_type.py",
        "hashed_secret": "4936de3b610b24e3bdbba00b4ceb4c4b54c166de",
        "is_verified": false,
        "line_number": 30
      }
    ],
    "sdk/communication_client/communication_client/models/error_code.py": [
      {
        "type": "Secret Keyword",
        "filename": "sdk/communication_client/communication_client/models/error_code.py",
        "hashed_secret": "568374ddaa47428d8810958365333acc573819a1",
        "is_verified": false,
        "line_number": 793
      },
      {
        "type": "Secret Keyword",
        "filename": "sdk/communication_client/communication_client/models/error_code.py",
        "hashed_secret": "1619a2531f24b99393d7730d10c4e98406022b68",
        "is_verified": false,
        "line_number": 802
      },
      {
        "type": "Secret Keyword",
        "filename": "sdk/communication_client/communication_client/models/error_code.py",
        "hashed_secret": "109661cf932893c6b3b851062d83c68551c3a0f0",
        "is_verified": false,
        "line_number": 803
      }
    ],
    "sdk/communication_client/communication_client/models/portal_email_type.py": [
      {
        "type": "Secret Keyword",
        "filename": "sdk/communication_client/communication_client/models/portal_email_type.py",
        "hashed_secret": "871a52d22eaef6448ebe9f7f31f74d9b3706a80c",
        "is_verified": false,
        "line_number": 30
      }
    ],
    "sdk/communication_client/communication_client/models/portal_page_identifier.py": [
      {
        "type": "Secret Keyword",
        "filename": "sdk/communication_client/communication_client/models/portal_page_identifier.py",
        "hashed_secret": "6c24012c25877976a5c63e4a345a303400d6f76e",
        "is_verified": false,
        "line_number": 38
      }
    ],
    "sdk/communication_client/communication_client/models/ssh_authentication_method.py": [
      {
        "type": "Secret Keyword",
        "filename": "sdk/communication_client/communication_client/models/ssh_authentication_method.py",
        "hashed_secret": "5baa61e4c9b93f3f0682250b6cf8331b7ee68fd8",
        "is_verified": false,
        "line_number": 29
      },
      {
        "type": "Secret Keyword",
        "filename": "sdk/communication_client/communication_client/models/ssh_authentication_method.py",
        "hashed_secret": "55abc9109d5ea8a77be16bf3c76b4b199b524b12",
        "is_verified": false,
        "line_number": 30
      }
    ],
    "sdk/communication_client/docs/CommunicationEntriesApi.md": [
      {
        "type": "Secret Keyword",
        "filename": "sdk/communication_client/docs/CommunicationEntriesApi.md",
        "hashed_secret": "2c035ac06add3f441d7b835885958b03deac3d50",
        "is_verified": false,
        "line_number": 48
      }
    ],
    "sdk/configuration_client/README.md": [
      {
        "type": "Secret Keyword",
        "filename": "sdk/configuration_client/README.md",
        "hashed_secret": "2c035ac06add3f441d7b835885958b03deac3d50",
        "is_verified": false,
        "line_number": 73
      }
    ],
    "sdk/configuration_client/configuration_client/models/customer_scenario_type.py": [
      {
        "type": "Secret Keyword",
        "filename": "sdk/configuration_client/configuration_client/models/customer_scenario_type.py",
        "hashed_secret": "4936de3b610b24e3bdbba00b4ceb4c4b54c166de",
        "is_verified": false,
        "line_number": 30
      }
    ],
    "sdk/configuration_client/configuration_client/models/error_code.py": [
      {
        "type": "Secret Keyword",
        "filename": "sdk/configuration_client/configuration_client/models/error_code.py",
        "hashed_secret": "568374ddaa47428d8810958365333acc573819a1",
        "is_verified": false,
        "line_number": 793
      },
      {
        "type": "Secret Keyword",
        "filename": "sdk/configuration_client/configuration_client/models/error_code.py",
        "hashed_secret": "1619a2531f24b99393d7730d10c4e98406022b68",
        "is_verified": false,
        "line_number": 802
      },
      {
        "type": "Secret Keyword",
        "filename": "sdk/configuration_client/configuration_client/models/error_code.py",
        "hashed_secret": "109661cf932893c6b3b851062d83c68551c3a0f0",
        "is_verified": false,
        "line_number": 803
      }
    ],
    "sdk/configuration_client/configuration_client/models/portal_email_type.py": [
      {
        "type": "Secret Keyword",
        "filename": "sdk/configuration_client/configuration_client/models/portal_email_type.py",
        "hashed_secret": "871a52d22eaef6448ebe9f7f31f74d9b3706a80c",
        "is_verified": false,
        "line_number": 30
      }
    ],
    "sdk/configuration_client/configuration_client/models/portal_page_identifier.py": [
      {
        "type": "Secret Keyword",
        "filename": "sdk/configuration_client/configuration_client/models/portal_page_identifier.py",
        "hashed_secret": "6c24012c25877976a5c63e4a345a303400d6f76e",
        "is_verified": false,
        "line_number": 38
      }
    ],
    "sdk/configuration_client/configuration_client/models/ssh_authentication_method.py": [
      {
        "type": "Secret Keyword",
        "filename": "sdk/configuration_client/configuration_client/models/ssh_authentication_method.py",
        "hashed_secret": "5baa61e4c9b93f3f0682250b6cf8331b7ee68fd8",
        "is_verified": false,
        "line_number": 29
      },
      {
        "type": "Secret Keyword",
        "filename": "sdk/configuration_client/configuration_client/models/ssh_authentication_method.py",
        "hashed_secret": "55abc9109d5ea8a77be16bf3c76b4b199b524b12",
        "is_verified": false,
        "line_number": 30
      }
    ],
    "sdk/configuration_client/docs/AccountingApi.md": [
      {
        "type": "Secret Keyword",
        "filename": "sdk/configuration_client/docs/AccountingApi.md",
        "hashed_secret": "2c035ac06add3f441d7b835885958b03deac3d50",
        "is_verified": false,
        "line_number": 49
      }
    ],
    "sdk/configuration_client/docs/BankAccountsApi.md": [
      {
        "type": "Secret Keyword",
        "filename": "sdk/configuration_client/docs/BankAccountsApi.md",
        "hashed_secret": "2c035ac06add3f441d7b835885958b03deac3d50",
        "is_verified": false,
        "line_number": 48
      }
    ],
    "sdk/configuration_client/docs/BillingItemsApi.md": [
      {
        "type": "Secret Keyword",
        "filename": "sdk/configuration_client/docs/BillingItemsApi.md",
        "hashed_secret": "2c035ac06add3f441d7b835885958b03deac3d50",
        "is_verified": false,
        "line_number": 50
      }
    ],
    "sdk/configuration_client/docs/BillingTariffsApi.md": [
      {
        "type": "Secret Keyword",
        "filename": "sdk/configuration_client/docs/BillingTariffsApi.md",
        "hashed_secret": "2c035ac06add3f441d7b835885958b03deac3d50",
        "is_verified": false,
        "line_number": 50
      }
    ],
    "sdk/configuration_client/docs/CollectionFlowsApi.md": [
      {
        "type": "Secret Keyword",
        "filename": "sdk/configuration_client/docs/CollectionFlowsApi.md",
        "hashed_secret": "2c035ac06add3f441d7b835885958b03deac3d50",
        "is_verified": false,
        "line_number": 47
      }
    ],
    "sdk/configuration_client/docs/CollectionStepsApi.md": [
      {
        "type": "Secret Keyword",
        "filename": "sdk/configuration_client/docs/CollectionStepsApi.md",
        "hashed_secret": "2c035ac06add3f441d7b835885958b03deac3d50",
        "is_verified": false,
        "line_number": 47
      }
    ],
    "sdk/configuration_client/docs/ConsumptionUnitTypesApi.md": [
      {
        "type": "Secret Keyword",
        "filename": "sdk/configuration_client/docs/ConsumptionUnitTypesApi.md",
        "hashed_secret": "2c035ac06add3f441d7b835885958b03deac3d50",
        "is_verified": false,
        "line_number": 48
      }
    ],
    "sdk/configuration_client/docs/CostComponentValuesApi.md": [
      {
        "type": "Secret Keyword",
        "filename": "sdk/configuration_client/docs/CostComponentValuesApi.md",
        "hashed_secret": "2c035ac06add3f441d7b835885958b03deac3d50",
        "is_verified": false,
        "line_number": 47
      }
    ],
    "sdk/configuration_client/docs/CostComponentsApi.md": [
      {
        "type": "Secret Keyword",
        "filename": "sdk/configuration_client/docs/CostComponentsApi.md",
        "hashed_secret": "2c035ac06add3f441d7b835885958b03deac3d50",
        "is_verified": false,
        "line_number": 48
      }
    ],
    "sdk/configuration_client/docs/CultureTableApi.md": [
      {
        "type": "Secret Keyword",
        "filename": "sdk/configuration_client/docs/CultureTableApi.md",
        "hashed_secret": "2c035ac06add3f441d7b835885958b03deac3d50",
        "is_verified": false,
        "line_number": 45
      }
    ],
    "sdk/configuration_client/docs/CustomEntityPropertyTypesApi.md": [
      {
        "type": "Secret Keyword",
        "filename": "sdk/configuration_client/docs/CustomEntityPropertyTypesApi.md",
        "hashed_secret": "2c035ac06add3f441d7b835885958b03deac3d50",
        "is_verified": false,
        "line_number": 49
      }
    ],
    "sdk/configuration_client/docs/DataExportFileFormatsApi.md": [
      {
        "type": "Secret Keyword",
        "filename": "sdk/configuration_client/docs/DataExportFileFormatsApi.md",
        "hashed_secret": "2c035ac06add3f441d7b835885958b03deac3d50",
        "is_verified": false,
        "line_number": 49
      }
    ],
    "sdk/configuration_client/docs/DataExportsApi.md": [
      {
        "type": "Secret Keyword",
        "filename": "sdk/configuration_client/docs/DataExportsApi.md",
        "hashed_secret": "2c035ac06add3f441d7b835885958b03deac3d50",
        "is_verified": false,
        "line_number": 48
      }
    ],
    "sdk/configuration_client/docs/DataImportFileFormatsApi.md": [
      {
        "type": "Secret Keyword",
        "filename": "sdk/configuration_client/docs/DataImportFileFormatsApi.md",
        "hashed_secret": "2c035ac06add3f441d7b835885958b03deac3d50",
        "is_verified": false,
        "line_number": 47
      }
    ],
    "sdk/configuration_client/docs/DataImportsApi.md": [
      {
        "type": "Secret Keyword",
        "filename": "sdk/configuration_client/docs/DataImportsApi.md",
        "hashed_secret": "2c035ac06add3f441d7b835885958b03deac3d50",
        "is_verified": false,
        "line_number": 48
      }
    ],
    "sdk/configuration_client/docs/EnumTranslationsApi.md": [
      {
        "type": "Secret Keyword",
        "filename": "sdk/configuration_client/docs/EnumTranslationsApi.md",
        "hashed_secret": "2c035ac06add3f441d7b835885958b03deac3d50",
        "is_verified": false,
        "line_number": 45
      }
    ],
    "sdk/configuration_client/docs/IncomingInvoiceComponentsApi.md": [
      {
        "type": "Secret Keyword",
        "filename": "sdk/configuration_client/docs/IncomingInvoiceComponentsApi.md",
        "hashed_secret": "2c035ac06add3f441d7b835885958b03deac3d50",
        "is_verified": false,
        "line_number": 48
      }
    ],
    "sdk/configuration_client/docs/IntegrationsApi.md": [
      {
        "type": "Secret Keyword",
        "filename": "sdk/configuration_client/docs/IntegrationsApi.md",
        "hashed_secret": "2c035ac06add3f441d7b835885958b03deac3d50",
        "is_verified": false,
        "line_number": 47
      }
    ],
    "sdk/configuration_client/docs/ModelsApi.md": [
      {
        "type": "Secret Keyword",
        "filename": "sdk/configuration_client/docs/ModelsApi.md",
        "hashed_secret": "2c035ac06add3f441d7b835885958b03deac3d50",
        "is_verified": false,
        "line_number": 47
      }
    ],
    "sdk/configuration_client/docs/NumberSequencesApi.md": [
      {
        "type": "Secret Keyword",
        "filename": "sdk/configuration_client/docs/NumberSequencesApi.md",
        "hashed_secret": "2c035ac06add3f441d7b835885958b03deac3d50",
        "is_verified": false,
        "line_number": 46
      }
    ],
    "sdk/configuration_client/docs/OrganizationsApi.md": [
      {
        "type": "Secret Keyword",
        "filename": "sdk/configuration_client/docs/OrganizationsApi.md",
        "hashed_secret": "2c035ac06add3f441d7b835885958b03deac3d50",
        "is_verified": false,
        "line_number": 46
      }
    ],
    "sdk/configuration_client/docs/ParametersApi.md": [
      {
        "type": "Secret Keyword",
        "filename": "sdk/configuration_client/docs/ParametersApi.md",
        "hashed_secret": "2c035ac06add3f441d7b835885958b03deac3d50",
        "is_verified": false,
        "line_number": 54
      }
    ],
    "sdk/configuration_client/docs/PaymentDelaysApi.md": [
      {
        "type": "Secret Keyword",
        "filename": "sdk/configuration_client/docs/PaymentDelaysApi.md",
        "hashed_secret": "2c035ac06add3f441d7b835885958b03deac3d50",
        "is_verified": false,
        "line_number": 47
      }
    ],
    "sdk/configuration_client/docs/PaymentTermsApi.md": [
      {
        "type": "Secret Keyword",
        "filename": "sdk/configuration_client/docs/PaymentTermsApi.md",
        "hashed_secret": "2c035ac06add3f441d7b835885958b03deac3d50",
        "is_verified": false,
        "line_number": 48
      }
    ],
    "sdk/configuration_client/docs/PortalSettingsApi.md": [
      {
        "type": "Secret Keyword",
        "filename": "sdk/configuration_client/docs/PortalSettingsApi.md",
        "hashed_secret": "2c035ac06add3f441d7b835885958b03deac3d50",
        "is_verified": false,
        "line_number": 46
      }
    ],
    "sdk/configuration_client/docs/ProductsApi.md": [
      {
        "type": "Secret Keyword",
        "filename": "sdk/configuration_client/docs/ProductsApi.md",
        "hashed_secret": "2c035ac06add3f441d7b835885958b03deac3d50",
        "is_verified": false,
        "line_number": 50
      }
    ],
    "sdk/configuration_client/docs/RegionalRegulationsApi.md": [
      {
        "type": "Secret Keyword",
        "filename": "sdk/configuration_client/docs/RegionalRegulationsApi.md",
        "hashed_secret": "2c035ac06add3f441d7b835885958b03deac3d50",
        "is_verified": false,
        "line_number": 46
      }
    ],
    "sdk/configuration_client/docs/RequiredEstimationsApi.md": [
      {
        "type": "Secret Keyword",
        "filename": "sdk/configuration_client/docs/RequiredEstimationsApi.md",
        "hashed_secret": "2c035ac06add3f441d7b835885958b03deac3d50",
        "is_verified": false,
        "line_number": 43
      }
    ],
    "sdk/configuration_client/docs/ScenarioTranslationsApi.md": [
      {
        "type": "Secret Keyword",
        "filename": "sdk/configuration_client/docs/ScenarioTranslationsApi.md",
        "hashed_secret": "2c035ac06add3f441d7b835885958b03deac3d50",
        "is_verified": false,
        "line_number": 46
      }
    ],
    "sdk/configuration_client/docs/ScenariosApi.md": [
      {
        "type": "Secret Keyword",
        "filename": "sdk/configuration_client/docs/ScenariosApi.md",
        "hashed_secret": "2c035ac06add3f441d7b835885958b03deac3d50",
        "is_verified": false,
        "line_number": 81
      }
    ],
    "sdk/configuration_client/docs/TaxCodesApi.md": [
      {
        "type": "Secret Keyword",
        "filename": "sdk/configuration_client/docs/TaxCodesApi.md",
        "hashed_secret": "2c035ac06add3f441d7b835885958b03deac3d50",
        "is_verified": false,
        "line_number": 47
      }
    ],
    "sdk/configuration_client/docs/TemplatesApi.md": [
      {
        "type": "Secret Keyword",
        "filename": "sdk/configuration_client/docs/TemplatesApi.md",
        "hashed_secret": "2c035ac06add3f441d7b835885958b03deac3d50",
        "is_verified": false,
        "line_number": 48
      }
    ],
    "sdk/forecasting_client/README.md": [
      {
        "type": "Secret Keyword",
        "filename": "sdk/forecasting_client/README.md",
        "hashed_secret": "2c035ac06add3f441d7b835885958b03deac3d50",
        "is_verified": false,
        "line_number": 73
      }
    ],
    "sdk/forecasting_client/docs/ConsumerGroupsApi.md": [
      {
        "type": "Secret Keyword",
        "filename": "sdk/forecasting_client/docs/ConsumerGroupsApi.md",
        "hashed_secret": "2c035ac06add3f441d7b835885958b03deac3d50",
        "is_verified": false,
        "line_number": 50
      }
    ],
    "sdk/forecasting_client/docs/EstimableContractsApi.md": [
      {
        "type": "Secret Keyword",
        "filename": "sdk/forecasting_client/docs/EstimableContractsApi.md",
        "hashed_secret": "2c035ac06add3f441d7b835885958b03deac3d50",
        "is_verified": false,
        "line_number": 46
      }
    ],
    "sdk/forecasting_client/docs/EstimationsApi.md": [
      {
        "type": "Secret Keyword",
        "filename": "sdk/forecasting_client/docs/EstimationsApi.md",
        "hashed_secret": "2c035ac06add3f441d7b835885958b03deac3d50",
        "is_verified": false,
        "line_number": 43
      }
    ],
    "sdk/forecasting_client/docs/PropertyGroupForecastingConfigurationApi.md": [
      {
        "type": "Secret Keyword",
        "filename": "sdk/forecasting_client/docs/PropertyGroupForecastingConfigurationApi.md",
        "hashed_secret": "2c035ac06add3f441d7b835885958b03deac3d50",
        "is_verified": false,
        "line_number": 44
      }
    ],
    "sdk/forecasting_client/docs/SyntheticLoadProfilesApi.md": [
      {
        "type": "Secret Keyword",
        "filename": "sdk/forecasting_client/docs/SyntheticLoadProfilesApi.md",
        "hashed_secret": "2c035ac06add3f441d7b835885958b03deac3d50",
        "is_verified": false,
        "line_number": 44
      }
    ],
    "sdk/forecasting_client/forecasting_client/models/customer_scenario_type.py": [
      {
        "type": "Secret Keyword",
        "filename": "sdk/forecasting_client/forecasting_client/models/customer_scenario_type.py",
        "hashed_secret": "4936de3b610b24e3bdbba00b4ceb4c4b54c166de",
        "is_verified": false,
        "line_number": 30
      }
    ],
    "sdk/forecasting_client/forecasting_client/models/error_code.py": [
      {
        "type": "Secret Keyword",
        "filename": "sdk/forecasting_client/forecasting_client/models/error_code.py",
        "hashed_secret": "568374ddaa47428d8810958365333acc573819a1",
        "is_verified": false,
        "line_number": 793
      },
      {
        "type": "Secret Keyword",
        "filename": "sdk/forecasting_client/forecasting_client/models/error_code.py",
        "hashed_secret": "1619a2531f24b99393d7730d10c4e98406022b68",
        "is_verified": false,
        "line_number": 802
      },
      {
        "type": "Secret Keyword",
        "filename": "sdk/forecasting_client/forecasting_client/models/error_code.py",
        "hashed_secret": "109661cf932893c6b3b851062d83c68551c3a0f0",
        "is_verified": false,
        "line_number": 803
      }
    ],
    "sdk/forecasting_client/forecasting_client/models/portal_email_type.py": [
      {
        "type": "Secret Keyword",
        "filename": "sdk/forecasting_client/forecasting_client/models/portal_email_type.py",
        "hashed_secret": "871a52d22eaef6448ebe9f7f31f74d9b3706a80c",
        "is_verified": false,
        "line_number": 30
      }
    ],
    "sdk/forecasting_client/forecasting_client/models/portal_page_identifier.py": [
      {
        "type": "Secret Keyword",
        "filename": "sdk/forecasting_client/forecasting_client/models/portal_page_identifier.py",
        "hashed_secret": "6c24012c25877976a5c63e4a345a303400d6f76e",
        "is_verified": false,
        "line_number": 38
      }
    ],
    "sdk/forecasting_client/forecasting_client/models/ssh_authentication_method.py": [
      {
        "type": "Secret Keyword",
        "filename": "sdk/forecasting_client/forecasting_client/models/ssh_authentication_method.py",
        "hashed_secret": "5baa61e4c9b93f3f0682250b6cf8331b7ee68fd8",
        "is_verified": false,
        "line_number": 29
      },
      {
        "type": "Secret Keyword",
        "filename": "sdk/forecasting_client/forecasting_client/models/ssh_authentication_method.py",
        "hashed_secret": "55abc9109d5ea8a77be16bf3c76b4b199b524b12",
        "is_verified": false,
        "line_number": 30
      }
    ],
    "sdk/masterdata_client/README.md": [
      {
        "type": "Secret Keyword",
        "filename": "sdk/masterdata_client/README.md",
        "hashed_secret": "2c035ac06add3f441d7b835885958b03deac3d50",
        "is_verified": false,
        "line_number": 73
      }
    ],
    "sdk/masterdata_client/docs/ContractsApi.md": [
      {
        "type": "Secret Keyword",
        "filename": "sdk/masterdata_client/docs/ContractsApi.md",
        "hashed_secret": "2c035ac06add3f441d7b835885958b03deac3d50",
        "is_verified": false,
        "line_number": 68
      }
    ],
    "sdk/masterdata_client/docs/CustomerGroupsApi.md": [
      {
        "type": "Secret Keyword",
        "filename": "sdk/masterdata_client/docs/CustomerGroupsApi.md",
        "hashed_secret": "2c035ac06add3f441d7b835885958b03deac3d50",
        "is_verified": false,
        "line_number": 50
      }
    ],
    "sdk/masterdata_client/docs/CustomersApi.md": [
      {
        "type": "Secret Keyword",
        "filename": "sdk/masterdata_client/docs/CustomersApi.md",
        "hashed_secret": "2c035ac06add3f441d7b835885958b03deac3d50",
        "is_verified": false,
        "line_number": 60
      },
      {
        "type": "Secret Keyword",
        "filename": "sdk/masterdata_client/docs/CustomersApi.md",
        "hashed_secret": "ecb252044b5ea0f679ee78ec1a12904739e2904d",
        "is_verified": false,
        "line_number": 729
      }
    ],
    "sdk/masterdata_client/docs/MetersApi.md": [
      {
        "type": "Secret Keyword",
        "filename": "sdk/masterdata_client/docs/MetersApi.md",
        "hashed_secret": "2c035ac06add3f441d7b835885958b03deac3d50",
        "is_verified": false,
        "line_number": 56
      }
    ],
    "sdk/masterdata_client/docs/MoveRequestsApi.md": [
      {
        "type": "Secret Keyword",
        "filename": "sdk/masterdata_client/docs/MoveRequestsApi.md",
        "hashed_secret": "2c035ac06add3f441d7b835885958b03deac3d50",
        "is_verified": false,
        "line_number": 62
      }
    ],
    "sdk/masterdata_client/docs/PrepaymentAccountsApi.md": [
      {
        "type": "Secret Keyword",
        "filename": "sdk/masterdata_client/docs/PrepaymentAccountsApi.md",
        "hashed_secret": "2c035ac06add3f441d7b835885958b03deac3d50",
        "is_verified": false,
        "line_number": 47
      }
    ],
    "sdk/masterdata_client/docs/PropertyGroupsApi.md": [
      {
        "type": "Secret Keyword",
        "filename": "sdk/masterdata_client/docs/PropertyGroupsApi.md",
        "hashed_secret": "2c035ac06add3f441d7b835885958b03deac3d50",
        "is_verified": false,
        "line_number": 55
      }
    ],
    "sdk/masterdata_client/docs/ServiceLocationsApi.md": [
      {
        "type": "Secret Keyword",
        "filename": "sdk/masterdata_client/docs/ServiceLocationsApi.md",
        "hashed_secret": "2c035ac06add3f441d7b835885958b03deac3d50",
        "is_verified": false,
        "line_number": 56
      }
    ],
    "sdk/masterdata_client/masterdata_client/models/customer_scenario_type.py": [
      {
        "type": "Secret Keyword",
        "filename": "sdk/masterdata_client/masterdata_client/models/customer_scenario_type.py",
        "hashed_secret": "4936de3b610b24e3bdbba00b4ceb4c4b54c166de",
        "is_verified": false,
        "line_number": 30
      }
    ],
    "sdk/masterdata_client/masterdata_client/models/error_code.py": [
      {
        "type": "Secret Keyword",
        "filename": "sdk/masterdata_client/masterdata_client/models/error_code.py",
        "hashed_secret": "568374ddaa47428d8810958365333acc573819a1",
        "is_verified": false,
        "line_number": 793
      },
      {
        "type": "Secret Keyword",
        "filename": "sdk/masterdata_client/masterdata_client/models/error_code.py",
        "hashed_secret": "1619a2531f24b99393d7730d10c4e98406022b68",
        "is_verified": false,
        "line_number": 802
      },
      {
        "type": "Secret Keyword",
        "filename": "sdk/masterdata_client/masterdata_client/models/error_code.py",
        "hashed_secret": "109661cf932893c6b3b851062d83c68551c3a0f0",
        "is_verified": false,
        "line_number": 803
      }
    ],
    "sdk/masterdata_client/masterdata_client/models/portal_email_type.py": [
      {
        "type": "Secret Keyword",
        "filename": "sdk/masterdata_client/masterdata_client/models/portal_email_type.py",
        "hashed_secret": "871a52d22eaef6448ebe9f7f31f74d9b3706a80c",
        "is_verified": false,
        "line_number": 30
      }
    ],
    "sdk/masterdata_client/masterdata_client/models/portal_page_identifier.py": [
      {
        "type": "Secret Keyword",
        "filename": "sdk/masterdata_client/masterdata_client/models/portal_page_identifier.py",
        "hashed_secret": "6c24012c25877976a5c63e4a345a303400d6f76e",
        "is_verified": false,
        "line_number": 38
      }
    ],
    "sdk/masterdata_client/masterdata_client/models/ssh_authentication_method.py": [
      {
        "type": "Secret Keyword",
        "filename": "sdk/masterdata_client/masterdata_client/models/ssh_authentication_method.py",
        "hashed_secret": "5baa61e4c9b93f3f0682250b6cf8331b7ee68fd8",
        "is_verified": false,
        "line_number": 29
      },
      {
        "type": "Secret Keyword",
        "filename": "sdk/masterdata_client/masterdata_client/models/ssh_authentication_method.py",
        "hashed_secret": "55abc9109d5ea8a77be16bf3c76b4b199b524b12",
        "is_verified": false,
        "line_number": 30
      }
    ],
    "sdk/metering_client/README.md": [
      {
        "type": "Secret Keyword",
        "filename": "sdk/metering_client/README.md",
        "hashed_secret": "2c035ac06add3f441d7b835885958b03deac3d50",
        "is_verified": false,
        "line_number": 73
      }
    ],
    "sdk/metering_client/docs/ConsumptionsApi.md": [
      {
        "type": "Secret Keyword",
        "filename": "sdk/metering_client/docs/ConsumptionsApi.md",
        "hashed_secret": "2c035ac06add3f441d7b835885958b03deac3d50",
        "is_verified": false,
        "line_number": 46
      }
    ],
    "sdk/metering_client/docs/IntegrationsApi.md": [
      {
        "type": "Secret Keyword",
        "filename": "sdk/metering_client/docs/IntegrationsApi.md",
        "hashed_secret": "2c035ac06add3f441d7b835885958b03deac3d50",
        "is_verified": false,
        "line_number": 59
      }
    ],
    "sdk/metering_client/docs/MeasurementsApi.md": [
      {
        "type": "Secret Keyword",
        "filename": "sdk/metering_client/docs/MeasurementsApi.md",
        "hashed_secret": "2c035ac06add3f441d7b835885958b03deac3d50",
        "is_verified": false,
        "line_number": 50
      }
    ],
    "sdk/metering_client/docs/MeteringIssuesApi.md": [
      {
        "type": "Secret Keyword",
        "filename": "sdk/metering_client/docs/MeteringIssuesApi.md",
        "hashed_secret": "2c035ac06add3f441d7b835885958b03deac3d50",
        "is_verified": false,
        "line_number": 53
      }
    ],
    "sdk/metering_client/docs/MutingRulesApi.md": [
      {
        "type": "Secret Keyword",
        "filename": "sdk/metering_client/docs/MutingRulesApi.md",
        "hashed_secret": "2c035ac06add3f441d7b835885958b03deac3d50",
        "is_verified": false,
        "line_number": 54
      }
    ],
    "sdk/metering_client/docs/PrepaymentTransactionsApi.md": [
      {
        "type": "Secret Keyword",
        "filename": "sdk/metering_client/docs/PrepaymentTransactionsApi.md",
        "hashed_secret": "2c035ac06add3f441d7b835885958b03deac3d50",
        "is_verified": false,
        "line_number": 45
      }
    ],
    "sdk/metering_client/docs/PropertyGroupMeteringConfigurationApi.md": [
      {
        "type": "Secret Keyword",
        "filename": "sdk/metering_client/docs/PropertyGroupMeteringConfigurationApi.md",
        "hashed_secret": "2c035ac06add3f441d7b835885958b03deac3d50",
        "is_verified": false,
        "line_number": 48
      }
    ],
    "sdk/metering_client/docs/ServiceConsumptionsApi.md": [
      {
        "type": "Secret Keyword",
        "filename": "sdk/metering_client/docs/ServiceConsumptionsApi.md",
        "hashed_secret": "2c035ac06add3f441d7b835885958b03deac3d50",
        "is_verified": false,
        "line_number": 52
      }
    ],
    "sdk/metering_client/metering_client/models/customer_scenario_type.py": [
      {
        "type": "Secret Keyword",
        "filename": "sdk/metering_client/metering_client/models/customer_scenario_type.py",
        "hashed_secret": "4936de3b610b24e3bdbba00b4ceb4c4b54c166de",
        "is_verified": false,
        "line_number": 30
      }
    ],
    "sdk/metering_client/metering_client/models/error_code.py": [
      {
        "type": "Secret Keyword",
        "filename": "sdk/metering_client/metering_client/models/error_code.py",
        "hashed_secret": "568374ddaa47428d8810958365333acc573819a1",
        "is_verified": false,
        "line_number": 793
      },
      {
        "type": "Secret Keyword",
        "filename": "sdk/metering_client/metering_client/models/error_code.py",
        "hashed_secret": "1619a2531f24b99393d7730d10c4e98406022b68",
        "is_verified": false,
        "line_number": 802
      },
      {
        "type": "Secret Keyword",
        "filename": "sdk/metering_client/metering_client/models/error_code.py",
        "hashed_secret": "109661cf932893c6b3b851062d83c68551c3a0f0",
        "is_verified": false,
        "line_number": 803
      }
    ],
    "sdk/metering_client/metering_client/models/portal_email_type.py": [
      {
        "type": "Secret Keyword",
        "filename": "sdk/metering_client/metering_client/models/portal_email_type.py",
        "hashed_secret": "871a52d22eaef6448ebe9f7f31f74d9b3706a80c",
        "is_verified": false,
        "line_number": 30
      }
    ],
    "sdk/metering_client/metering_client/models/portal_page_identifier.py": [
      {
        "type": "Secret Keyword",
        "filename": "sdk/metering_client/metering_client/models/portal_page_identifier.py",
        "hashed_secret": "6c24012c25877976a5c63e4a345a303400d6f76e",
        "is_verified": false,
        "line_number": 38
      }
    ],
    "sdk/metering_client/metering_client/models/ssh_authentication_method.py": [
      {
        "type": "Secret Keyword",
        "filename": "sdk/metering_client/metering_client/models/ssh_authentication_method.py",
        "hashed_secret": "5baa61e4c9b93f3f0682250b6cf8331b7ee68fd8",
        "is_verified": false,
        "line_number": 29
      },
      {
        "type": "Secret Keyword",
        "filename": "sdk/metering_client/metering_client/models/ssh_authentication_method.py",
        "hashed_secret": "55abc9109d5ea8a77be16bf3c76b4b199b524b12",
        "is_verified": false,
        "line_number": 30
      }
    ],
    "sdk/regionalregulations_client/README.md": [
      {
        "type": "Secret Keyword",
        "filename": "sdk/regionalregulations_client/README.md",
        "hashed_secret": "2c035ac06add3f441d7b835885958b03deac3d50",
        "is_verified": false,
        "line_number": 73
      }
    ],
    "sdk/regionalregulations_client/docs/SocialTariffApi.md": [
      {
        "type": "Secret Keyword",
        "filename": "sdk/regionalregulations_client/docs/SocialTariffApi.md",
        "hashed_secret": "2c035ac06add3f441d7b835885958b03deac3d50",
        "is_verified": false,
        "line_number": 51
      }
    ],
    "sdk/regionalregulations_client/regionalregulations_client/models/customer_scenario_type.py": [
      {
        "type": "Secret Keyword",
        "filename": "sdk/regionalregulations_client/regionalregulations_client/models/customer_scenario_type.py",
        "hashed_secret": "4936de3b610b24e3bdbba00b4ceb4c4b54c166de",
        "is_verified": false,
        "line_number": 30
      }
    ],
    "sdk/regionalregulations_client/regionalregulations_client/models/error_code.py": [
      {
        "type": "Secret Keyword",
        "filename": "sdk/regionalregulations_client/regionalregulations_client/models/error_code.py",
        "hashed_secret": "568374ddaa47428d8810958365333acc573819a1",
        "is_verified": false,
        "line_number": 793
      },
      {
        "type": "Secret Keyword",
        "filename": "sdk/regionalregulations_client/regionalregulations_client/models/error_code.py",
        "hashed_secret": "1619a2531f24b99393d7730d10c4e98406022b68",
        "is_verified": false,
        "line_number": 802
      },
      {
        "type": "Secret Keyword",
        "filename": "sdk/regionalregulations_client/regionalregulations_client/models/error_code.py",
        "hashed_secret": "109661cf932893c6b3b851062d83c68551c3a0f0",
        "is_verified": false,
        "line_number": 803
      }
    ],
    "sdk/regionalregulations_client/regionalregulations_client/models/portal_email_type.py": [
      {
        "type": "Secret Keyword",
        "filename": "sdk/regionalregulations_client/regionalregulations_client/models/portal_email_type.py",
        "hashed_secret": "871a52d22eaef6448ebe9f7f31f74d9b3706a80c",
        "is_verified": false,
        "line_number": 30
      }
    ],
    "sdk/regionalregulations_client/regionalregulations_client/models/portal_page_identifier.py": [
      {
        "type": "Secret Keyword",
        "filename": "sdk/regionalregulations_client/regionalregulations_client/models/portal_page_identifier.py",
        "hashed_secret": "6c24012c25877976a5c63e4a345a303400d6f76e",
        "is_verified": false,
        "line_number": 38
      }
    ],
    "sdk/regionalregulations_client/regionalregulations_client/models/ssh_authentication_method.py": [
      {
        "type": "Secret Keyword",
        "filename": "sdk/regionalregulations_client/regionalregulations_client/models/ssh_authentication_method.py",
        "hashed_secret": "5baa61e4c9b93f3f0682250b6cf8331b7ee68fd8",
        "is_verified": false,
        "line_number": 29
      },
      {
        "type": "Secret Keyword",
        "filename": "sdk/regionalregulations_client/regionalregulations_client/models/ssh_authentication_method.py",
        "hashed_secret": "55abc9109d5ea8a77be16bf3c76b4b199b524b12",
        "is_verified": false,
        "line_number": 30
      }
    ],
    "tests/utils/test_secrets.py": [
      {
        "type": "Secret Keyword",
        "filename": "tests/utils/test_secrets.py",
        "hashed_secret": "a761ce3a45d97e41840a788495e85a70d1bb3815",
        "is_verified": false,
        "line_number": 26
      },
      {
        "type": "Secret Keyword",
        "filename": "tests/utils/test_secrets.py",
        "hashed_secret": "d203e7b3428caf7fd12b7f15410cb0108d6c041b",
        "is_verified": false,
        "line_number": 41
      }
    ]
  },
  "generated_at": "2026-07-24T08:39:52Z"
}
